Starting project at C:\Users\SireeshGadde\OneDrive - RiskSpan\Desktop\happy-baby-app\happy-baby-app
Using src/app as the root directory for Expo Router.
React Compiler enabled
Starting Metro Bundler
Waiting on http://localhost:8098
Logs for your project will appear below.
Web node_modules\expo-router\entry.js ░░░░░░░░░░░░░░░░  0.0% (0/1)
λ node_modules\expo-router\node\render.js ░░░░░░░░░░░░░░░░  0.0% (0/1)
Web node_modules\expo-router\entry.js ▓▓▓▓▓▓░░░░░░░░░░ 42.9% (334/510)
λ node_modules\expo-router\node\render.js ▓▓▓▓▓▓▓▓▓▓░░░░░░ 68.7% (499/602)
Web node_modules\expo-router\entry.js ░░░░░░░░░░░░░░░░  0.0% (0/1)
λ node_modules\expo-router\node\render.js ░░░░░░░░░░░░░░░░  0.0% (0/1)
λ Bundled 6215ms node_modules\expo-router\node\render.js (886 modules)
λ Bundled 3800ms node_modules\expo-router\node\render.js (1 module)
Web node_modules\expo-router\entry.js ▓▓▓▓▓▓▓▓▓▓▓▓▓▓▓░ 98.9% (866/871)
Web node_modules\expo-router\entry.js ░░░░░░░░░░░░░░░░  0.0% (0/1)
Web Bundled 7144ms node_modules\expo-router\entry.js (1 module)
Web Bundled 9658ms node_modules\expo-router\entry.js (871 modules)
Web node_modules\expo-router\entry.js ▓▓▓▓▓▓▓▓▓▓▓▓▓▓▓░ 99.9% (877/877)
Web Bundled 1426ms node_modules\expo-router\entry.js (877 modules)
 LOG  [web] Logs will appear in the browser console
Web node_modules\expo-router\entry.js ░░░░░░░░░░░░░░░░  0.0% (0/1)
λ Bundled 77ms node_modules\expo-router\node\render.js (1 module)
λ  WARN  props.pointerEvents is deprecated. Use style.pointerEvents 
  console.warn (C:\Users\SireeshGadde\OneDrive - RiskSpan\Desktop\happy-baby-app\happy-baby-app\node_modules\@expo\cli\src\start\server\serverLogLikeMetro.ts:161:21)
  warnOnce (C:\Users\SireeshGadde\OneDrive - RiskSpan\Desktop\happy-baby-app\happy-baby-app\node_modules\react-native-web\dist\modules\warnOnce\index.js:24:13)
  createDOMProps (C:\Users\SireeshGadde\OneDrive - RiskSpan\Desktop\happy-baby-app\happy-baby-app\node_modules\react-native-web\dist\modules\createDOMProps\index.js:805:13)
  createElement (C:\Users\SireeshGadde\OneDrive - RiskSpan\Desktop\happy-baby-app\happy-baby-app\node_modules\react-native-web\dist\exports\createElement\index.js:23:32)
  Component (C:\Users\SireeshGadde\OneDrive - RiskSpan\Desktop\happy-baby-app\happy-baby-app\node_modules\react-native-web\dist\exports\View\index.js:111:23)
  Object.callComponentInDEV [as react-stack-bottom-frame] (C:\Users\SireeshGadde\OneDrive - RiskSpan\Desktop\happy-baby-app\happy-baby-app\node_modules\react-dom\cjs\react-dom-server-legacy.node.development.js:8970:18)
  renderWithHooks (C:\Users\SireeshGadde\OneDrive - RiskSpan\Desktop\happy-baby-app\happy-baby-app\node_modules\react-dom\cjs\react-dom-server-legacy.node.development.js:4699:19)
  run (C:\Users\SireeshGadde\OneDrive - RiskSpan\Desktop\happy-baby-app\happy-baby-app\node_modules\react-dom\cjs\react-dom-server-legacy.node.development.js:5539:39)
  retryNode (C:\Users\SireeshGadde\OneDrive - RiskSpan\Desktop\happy-baby-app\happy-baby-app\node_modules\react-dom\cjs\react-dom-server-legacy.node.development.js:5899:31)
  renderNodeDestructive (C:\Users\SireeshGadde\OneDrive - RiskSpan\Desktop\happy-baby-app\happy-baby-app\node_modules\react-dom\cjs\react-dom-server-legacy.node.development.js:5849:11)
Web Bundled 2053ms node_modules\expo-router\entry.js (1 module)
Web Bundled 47ms node_modules\expo-router\entry.js (1 module)
 LOG  [web] Logs will appear in the browser console
Web node_modules\expo-router\entry.js ░░░░░░░░░░░░░░░░  0.0% (0/1)
λ Bundled 115ms node_modules\expo-router\node\render.js (1 module)
λ  WARN  props.pointerEvents is deprecated. Use style.pointerEvents 
  console.warn (C:\Users\SireeshGadde\OneDrive - RiskSpan\Desktop\happy-baby-app\happy-baby-app\node_modules\@expo\cli\src\start\server\serverLogLikeMetro.ts:161:21)
  warnOnce (C:\Users\SireeshGadde\OneDrive - RiskSpan\Desktop\happy-baby-app\happy-baby-app\node_modules\react-native-web\dist\modules\warnOnce\index.js:24:13)
  createDOMProps (C:\Users\SireeshGadde\OneDrive - RiskSpan\Desktop\happy-baby-app\happy-baby-app\node_modules\react-native-web\dist\modules\createDOMProps\index.js:805:13)
  createElement (C:\Users\SireeshGadde\OneDrive - RiskSpan\Desktop\happy-baby-app\happy-baby-app\node_modules\react-native-web\dist\exports\createElement\index.js:23:32)
  Component (C:\Users\SireeshGadde\OneDrive - RiskSpan\Desktop\happy-baby-app\happy-baby-app\node_modules\react-native-web\dist\exports\View\index.js:111:23)
  Object.callComponentInDEV [as react-stack-bottom-frame] (C:\Users\SireeshGadde\OneDrive - RiskSpan\Desktop\happy-baby-app\happy-baby-app\node_modules\react-dom\cjs\react-dom-server-legacy.node.development.js:8970:18)
  renderWithHooks (C:\Users\SireeshGadde\OneDrive - RiskSpan\Desktop\happy-baby-app\happy-baby-app\node_modules\react-dom\cjs\react-dom-server-legacy.node.development.js:4699:19)
  run (C:\Users\SireeshGadde\OneDrive - RiskSpan\Desktop\happy-baby-app\happy-baby-app\node_modules\react-dom\cjs\react-dom-server-legacy.node.development.js:5539:39)
  retryNode (C:\Users\SireeshGadde\OneDrive - RiskSpan\Desktop\happy-baby-app\happy-baby-app\node_modules\react-dom\cjs\react-dom-server-legacy.node.development.js:5899:31)
  renderNodeDestructive (C:\Users\SireeshGadde\OneDrive - RiskSpan\Desktop\happy-baby-app\happy-baby-app\node_modules\react-dom\cjs\react-dom-server-legacy.node.development.js:5849:11)
Web Bundled 1197ms node_modules\expo-router\entry.js (1 module)
Web Bundled 70ms node_modules\expo-router\entry.js (1 module)
 LOG  [web] Logs will appear in the browser console
Web node_modules\expo-router\entry.js ░░░░░░░░░░░░░░░░  0.0% (0/1)
λ Bundled 50ms node_modules\expo-router\node\render.js (1 module)
Web Bundled 907ms node_modules\expo-router\entry.js (1 module)
Web Bundled 92ms node_modules\expo-router\entry.js (1 module)
 LOG  [web] Logs will appear in the browser console
Web node_modules\expo-router\entry.js ░░░░░░░░░░░░░░░░  0.0% (0/1)
λ Bundled 62ms node_modules\expo-router\node\render.js (1 module)
λ  WARN  props.pointerEvents is deprecated. Use style.pointerEvents 
  console.warn (C:\Users\SireeshGadde\OneDrive - RiskSpan\Desktop\happy-baby-app\happy-baby-app\node_modules\@expo\cli\src\start\server\serverLogLikeMetro.ts:161:21)
  warnOnce (C:\Users\SireeshGadde\OneDrive - RiskSpan\Desktop\happy-baby-app\happy-baby-app\node_modules\react-native-web\dist\modules\warnOnce\index.js:24:13)
  createDOMProps (C:\Users\SireeshGadde\OneDrive - RiskSpan\Desktop\happy-baby-app\happy-baby-app\node_modules\react-native-web\dist\modules\createDOMProps\index.js:805:13)
  createElement (C:\Users\SireeshGadde\OneDrive - RiskSpan\Desktop\happy-baby-app\happy-baby-app\node_modules\react-native-web\dist\exports\createElement\index.js:23:32)
  Component (C:\Users\SireeshGadde\OneDrive - RiskSpan\Desktop\happy-baby-app\happy-baby-app\node_modules\react-native-web\dist\exports\View\index.js:111:23)
  Object.callComponentInDEV [as react-stack-bottom-frame] (C:\Users\SireeshGadde\OneDrive - RiskSpan\Desktop\happy-baby-app\happy-baby-app\node_modules\react-dom\cjs\react-dom-server-legacy.node.development.js:8970:18)
  renderWithHooks (C:\Users\SireeshGadde\OneDrive - RiskSpan\Desktop\happy-baby-app\happy-baby-app\node_modules\react-dom\cjs\react-dom-server-legacy.node.development.js:4699:19)
  run (C:\Users\SireeshGadde\OneDrive - RiskSpan\Desktop\happy-baby-app\happy-baby-app\node_modules\react-dom\cjs\react-dom-server-legacy.node.development.js:5539:39)
  retryNode (C:\Users\SireeshGadde\OneDrive - RiskSpan\Desktop\happy-baby-app\happy-baby-app\node_modules\react-dom\cjs\react-dom-server-legacy.node.development.js:5899:31)
  renderNodeDestructive (C:\Users\SireeshGadde\OneDrive - RiskSpan\Desktop\happy-baby-app\happy-baby-app\node_modules\react-dom\cjs\react-dom-server-legacy.node.development.js:5849:11)
Web Bundled 888ms node_modules\expo-router\entry.js (1 module)
Web Bundled 38ms node_modules\expo-router\entry.js (1 module)
 LOG  [web] Logs will appear in the browser console
Web node_modules\expo-router\entry.js ░░░░░░░░░░░░░░░░  0.0% (0/1)
λ Bundled 56ms node_modules\expo-router\node\render.js (1 module)
Web Bundled 877ms node_modules\expo-router\entry.js (1 module)
Web Bundled 73ms node_modules\expo-router\entry.js (1 module)
 LOG  [web] Logs will appear in the browser console
Web node_modules\expo-router\entry.js ░░░░░░░░░░░░░░░░  0.0% (0/1)
λ Bundled 39ms node_modules\expo-router\node\render.js (1 module)
λ  WARN  props.pointerEvents is deprecated. Use style.pointerEvents 
  console.warn (C:\Users\SireeshGadde\OneDrive - RiskSpan\Desktop\happy-baby-app\happy-baby-app\node_modules\@expo\cli\src\start\server\serverLogLikeMetro.ts:161:21)
  warnOnce (C:\Users\SireeshGadde\OneDrive - RiskSpan\Desktop\happy-baby-app\happy-baby-app\node_modules\react-native-web\dist\modules\warnOnce\index.js:24:13)
  createDOMProps (C:\Users\SireeshGadde\OneDrive - RiskSpan\Desktop\happy-baby-app\happy-baby-app\node_modules\react-native-web\dist\modules\createDOMProps\index.js:805:13)
  createElement (C:\Users\SireeshGadde\OneDrive - RiskSpan\Desktop\happy-baby-app\happy-baby-app\node_modules\react-native-web\dist\exports\createElement\index.js:23:32)
  Component (C:\Users\SireeshGadde\OneDrive - RiskSpan\Desktop\happy-baby-app\happy-baby-app\node_modules\react-native-web\dist\exports\View\index.js:111:23)
  Object.callComponentInDEV [as react-stack-bottom-frame] (C:\Users\SireeshGadde\OneDrive - RiskSpan\Desktop\happy-baby-app\happy-baby-app\node_modules\react-dom\cjs\react-dom-server-legacy.node.development.js:8970:18)
  renderWithHooks (C:\Users\SireeshGadde\OneDrive - RiskSpan\Desktop\happy-baby-app\happy-baby-app\node_modules\react-dom\cjs\react-dom-server-legacy.node.development.js:4699:19)
  run (C:\Users\SireeshGadde\OneDrive - RiskSpan\Desktop\happy-baby-app\happy-baby-app\node_modules\react-dom\cjs\react-dom-server-legacy.node.development.js:5539:39)
  retryNode (C:\Users\SireeshGadde\OneDrive - RiskSpan\Desktop\happy-baby-app\happy-baby-app\node_modules\react-dom\cjs\react-dom-server-legacy.node.development.js:5899:31)
  renderNodeDestructive (C:\Users\SireeshGadde\OneDrive - RiskSpan\Desktop\happy-baby-app\happy-baby-app\node_modules\react-dom\cjs\react-dom-server-legacy.node.development.js:5849:11)
Web Bundled 683ms node_modules\expo-router\entry.js (1 module)
Web Bundled 64ms node_modules\expo-router\entry.js (1 module)
 LOG  [web] Logs will appear in the browser console
Web node_modules\expo-router\entry.js ░░░░░░░░░░░░░░░░  0.0% (0/1)
λ Bundled 46ms node_modules\expo-router\node\render.js (1 module)
λ  WARN  props.pointerEvents is deprecated. Use style.pointerEvents 
  console.warn (C:\Users\SireeshGadde\OneDrive - RiskSpan\Desktop\happy-baby-app\happy-baby-app\node_modules\@expo\cli\src\start\server\serverLogLikeMetro.ts:161:21)
  warnOnce (C:\Users\SireeshGadde\OneDrive - RiskSpan\Desktop\happy-baby-app\happy-baby-app\node_modules\react-native-web\dist\modules\warnOnce\index.js:24:13)
  createDOMProps (C:\Users\SireeshGadde\OneDrive - RiskSpan\Desktop\happy-baby-app\happy-baby-app\node_modules\react-native-web\dist\modules\createDOMProps\index.js:805:13)
  createElement (C:\Users\SireeshGadde\OneDrive - RiskSpan\Desktop\happy-baby-app\happy-baby-app\node_modules\react-native-web\dist\exports\createElement\index.js:23:32)
  Component (C:\Users\SireeshGadde\OneDrive - RiskSpan\Desktop\happy-baby-app\happy-baby-app\node_modules\react-native-web\dist\exports\View\index.js:111:23)
  Object.callComponentInDEV [as react-stack-bottom-frame] (C:\Users\SireeshGadde\OneDrive - RiskSpan\Desktop\happy-baby-app\happy-baby-app\node_modules\react-dom\cjs\react-dom-server-legacy.node.development.js:8970:18)
  renderWithHooks (C:\Users\SireeshGadde\OneDrive - RiskSpan\Desktop\happy-baby-app\happy-baby-app\node_modules\react-dom\cjs\react-dom-server-legacy.node.development.js:4699:19)
  run (C:\Users\SireeshGadde\OneDrive - RiskSpan\Desktop\happy-baby-app\happy-baby-app\node_modules\react-dom\cjs\react-dom-server-legacy.node.development.js:5539:39)
  retryNode (C:\Users\SireeshGadde\OneDrive - RiskSpan\Desktop\happy-baby-app\happy-baby-app\node_modules\react-dom\cjs\react-dom-server-legacy.node.development.js:5899:31)
  renderNodeDestructive (C:\Users\SireeshGadde\OneDrive - RiskSpan\Desktop\happy-baby-app\happy-baby-app\node_modules\react-dom\cjs\react-dom-server-legacy.node.development.js:5849:11)
Web Bundled 735ms node_modules\expo-router\entry.js (1 module)
Web Bundled 53ms node_modules\expo-router\entry.js (1 module)
 LOG  [web] Logs will appear in the browser console
Web node_modules\expo-router\entry.js ░░░░░░░░░░░░░░░░  0.0% (0/1)
λ Bundled 404ms node_modules\expo-router\node\render.js (1 module)
Web Bundled 1903ms node_modules\expo-router\entry.js (1 module)
Web node_modules\expo-router\entry.js ░░░░░░░░░░░░░░░░  0.0% (0/1)
λ Bundled 47ms node_modules\expo-router\node\render.js (1 module)
λ  WARN  props.pointerEvents is deprecated. Use style.pointerEvents 
  console.warn (C:\Users\SireeshGadde\OneDrive - RiskSpan\Desktop\happy-baby-app\happy-baby-app\node_modules\@expo\cli\src\start\server\serverLogLikeMetro.ts:161:21)
  warnOnce (C:\Users\SireeshGadde\OneDrive - RiskSpan\Desktop\happy-baby-app\happy-baby-app\node_modules\react-native-web\dist\modules\warnOnce\index.js:24:13)
  createDOMProps (C:\Users\SireeshGadde\OneDrive - RiskSpan\Desktop\happy-baby-app\happy-baby-app\node_modules\react-native-web\dist\modules\createDOMProps\index.js:805:13)
  createElement (C:\Users\SireeshGadde\OneDrive - RiskSpan\Desktop\happy-baby-app\happy-baby-app\node_modules\react-native-web\dist\exports\createElement\index.js:23:32)
  didWarnAboutContextTypes (C:\Users\SireeshGadde\OneDrive - RiskSpan\Desktop\happy-baby-app\happy-baby-app\node_modules\react-native-web\dist\exports\View\index.js:111:23)
  Object.addendum [as react-stack-bottom-frame] (C:\Users\SireeshGadde\OneDrive - RiskSpan\Desktop\happy-baby-app\happy-baby-app\node_modules\react-dom\cjs\react-dom-server-legacy.node.development.js:9012:7)
  context (C:\Users\SireeshGadde\OneDrive - RiskSpan\Desktop\happy-baby-app\happy-baby-app\node_modules\react-dom\cjs\react-dom-server-legacy.node.development.js:4773:17)
  renderElement (C:\Users\SireeshGadde\OneDrive - RiskSpan\Desktop\happy-baby-app\happy-baby-app\node_modules\react-dom\cjs\react-dom-server-legacy.node.development.js:5609:37)
  retryNode (C:\Users\SireeshGadde\OneDrive - RiskSpan\Desktop\happy-baby-app\happy-baby-app\node_modules\react-dom\cjs\react-dom-server-legacy.node.development.js:6023:53)
  renderNodeDestructive (C:\Users\SireeshGadde\OneDrive - RiskSpan\Desktop\happy-baby-app\happy-baby-app\node_modules\react-dom\cjs\react-dom-server-legacy.node.development.js:5954:31)
Web Bundled 754ms node_modules\expo-router\entry.js (1 module)
Web Bundled 55ms node_modules\expo-router\entry.js (1 module)
 LOG  [web] Logs will appear in the browser console
Web node_modules\expo-router\entry.js ░░░░░░░░░░░░░░░░  0.0% (0/1)
λ Bundled 61ms node_modules\expo-router\node\render.js (1 module)
Web Bundled 697ms node_modules\expo-router\entry.js (1 module)
Web Bundled 44ms node_modules\expo-router\entry.js (1 module)
 LOG  [web] Logs will appear in the browser console
Web node_modules\expo-router\entry.js ░░░░░░░░░░░░░░░░  0.0% (0/1)
λ Bundled 63ms node_modules\expo-router\node\render.js (1 module)
λ  WARN  props.pointerEvents is deprecated. Use style.pointerEvents 
  console.warn (C:\Users\SireeshGadde\OneDrive - RiskSpan\Desktop\happy-baby-app\happy-baby-app\node_modules\@expo\cli\src\start\server\serverLogLikeMetro.ts:161:21)
  warnOnce (C:\Users\SireeshGadde\OneDrive - RiskSpan\Desktop\happy-baby-app\happy-baby-app\node_modules\react-native-web\dist\modules\warnOnce\index.js:24:13)
  createDOMProps (C:\Users\SireeshGadde\OneDrive - RiskSpan\Desktop\happy-baby-app\happy-baby-app\node_modules\react-native-web\dist\modules\createDOMProps\index.js:805:13)
  createElement (C:\Users\SireeshGadde\OneDrive - RiskSpan\Desktop\happy-baby-app\happy-baby-app\node_modules\react-native-web\dist\exports\createElement\index.js:23:32)
  didWarnAboutContextTypes (C:\Users\SireeshGadde\OneDrive - RiskSpan\Desktop\happy-baby-app\happy-baby-app\node_modules\react-native-web\dist\exports\View\index.js:111:23)
  Object.addendum [as react-stack-bottom-frame] (C:\Users\SireeshGadde\OneDrive - RiskSpan\Desktop\happy-baby-app\happy-baby-app\node_modules\react-dom\cjs\react-dom-server-legacy.node.development.js:9012:7)
  context (C:\Users\SireeshGadde\OneDrive - RiskSpan\Desktop\happy-baby-app\happy-baby-app\node_modules\react-dom\cjs\react-dom-server-legacy.node.development.js:4773:17)
  renderElement (C:\Users\SireeshGadde\OneDrive - RiskSpan\Desktop\happy-baby-app\happy-baby-app\node_modules\react-dom\cjs\react-dom-server-legacy.node.development.js:5609:37)
  retryNode (C:\Users\SireeshGadde\OneDrive - RiskSpan\Desktop\happy-baby-app\happy-baby-app\node_modules\react-dom\cjs\react-dom-server-legacy.node.development.js:6023:53)
  renderNodeDestructive (C:\Users\SireeshGadde\OneDrive - RiskSpan\Desktop\happy-baby-app\happy-baby-app\node_modules\react-dom\cjs\react-dom-server-legacy.node.development.js:5954:31)
Web Bundled 859ms node_modules\expo-router\entry.js (1 module)
Web Bundled 109ms node_modules\expo-router\entry.js (1 module)
 LOG  [web] Logs will appear in the browser console
Web node_modules\expo-router\entry.js ░░░░░░░░░░░░░░░░  0.0% (0/1)
λ Bundled 52ms node_modules\expo-router\node\render.js (1 module)
λ  WARN  props.pointerEvents is deprecated. Use style.pointerEvents 
  console.warn (C:\Users\SireeshGadde\OneDrive - RiskSpan\Desktop\happy-baby-app\happy-baby-app\node_modules\@expo\cli\src\start\server\serverLogLikeMetro.ts:161:21)
  warnOnce (C:\Users\SireeshGadde\OneDrive - RiskSpan\Desktop\happy-baby-app\happy-baby-app\node_modules\react-native-web\dist\modules\warnOnce\index.js:24:13)
  createDOMProps (C:\Users\SireeshGadde\OneDrive - RiskSpan\Desktop\happy-baby-app\happy-baby-app\node_modules\react-native-web\dist\modules\createDOMProps\index.js:805:13)
  createElement (C:\Users\SireeshGadde\OneDrive - RiskSpan\Desktop\happy-baby-app\happy-baby-app\node_modules\react-native-web\dist\exports\createElement\index.js:23:32)
  didWarnAboutContextTypes (C:\Users\SireeshGadde\OneDrive - RiskSpan\Desktop\happy-baby-app\happy-baby-app\node_modules\react-native-web\dist\exports\View\index.js:111:23)
  Object.addendum [as react-stack-bottom-frame] (C:\Users\SireeshGadde\OneDrive - RiskSpan\Desktop\happy-baby-app\happy-baby-app\node_modules\react-dom\cjs\react-dom-server-legacy.node.development.js:9012:7)
  context (C:\Users\SireeshGadde\OneDrive - RiskSpan\Desktop\happy-baby-app\happy-baby-app\node_modules\react-dom\cjs\react-dom-server-legacy.node.development.js:4773:17)
  renderElement (C:\Users\SireeshGadde\OneDrive - RiskSpan\Desktop\happy-baby-app\happy-baby-app\node_modules\react-dom\cjs\react-dom-server-legacy.node.development.js:5609:37)
  retryNode (C:\Users\SireeshGadde\OneDrive - RiskSpan\Desktop\happy-baby-app\happy-baby-app\node_modules\react-dom\cjs\react-dom-server-legacy.node.development.js:6023:53)
  renderNodeDestructive (C:\Users\SireeshGadde\OneDrive - RiskSpan\Desktop\happy-baby-app\happy-baby-app\node_modules\react-dom\cjs\react-dom-server-legacy.node.development.js:5954:31)
Web Bundled 744ms node_modules\expo-router\entry.js (1 module)
Web Bundled 72ms node_modules\expo-router\entry.js (1 module)
 LOG  [web] Logs will appear in the browser console
Web node_modules\expo-router\entry.js ░░░░░░░░░░░░░░░░  0.0% (0/1)
Web node_modules\expo-router\entry.js ░░░░░░░░░░░░░░░░  0.0% (0/1)
λ node_modules\expo-router\node\render.js ░░░░░░░░░░░░░░░░  0.0% (0/1)
Web node_modules\expo-router\entry.js ░░░░░░░░░░░░░░░░  0.0% (0/1)
λ node_modules\expo-router\node\render.js ░░░░░░░░░░░░░░░░  0.0% (0/1)
Web node_modules\expo-router\entry.js ░░░░░░░░░░░░░░░░  0.0% (0/1)
Web node_modules\expo-router\entry.js ░░░░░░░░░░░░░░░░  0.0% (0/1)
λ node_modules\expo-router\node\render.js ░░░░░░░░░░░░░░░░  0.0% (0/1)
Web node_modules\expo-router\entry.js ░░░░░░░░░░░░░░░░  0.0% (0/1)
λ node_modules\expo-router\node\render.js ░░░░░░░░░░░░░░░░  0.0% (0/1)
Web node_modules\expo-router\entry.js ░░░░░░░░░░░░░░░░  0.0% (0/1)
λ node_modules\expo-router\node\render.js ░░░░░░░░░░░░░░░░  0.0% (0/1)
Web node_modules\expo-router\entry.js ░░░░░░░░░░░░░░░░  0.0% (0/1)
λ node_modules\expo-router\node\render.js ░░░░░░░░░░░░░░░░  0.0% (0/1)
Web node_modules\expo-router\entry.js ░░░░░░░░░░░░░░░░  0.0% (0/1)
Web node_modules\expo-router\entry.js ░░░░░░░░░░░░░░░░  0.0% (0/1)
λ node_modules\expo-router\node\render.js ░░░░░░░░░░░░░░░░  0.0% (0/1)
Web node_modules\expo-router\entry.js ░░░░░░░░░░░░░░░░  0.0% (0/1)
λ node_modules\expo-router\node\render.js ░░░░░░░░░░░░░░░░  0.0% (0/1)
Web node_modules\expo-router\entry.js ░░░░░░░░░░░░░░░░  0.0% (0/1)
λ node_modules\expo-router\node\render.js ░░░░░░░░░░░░░░░░  0.0% (0/1)
Web node_modules\expo-router\entry.js ░░░░░░░░░░░░░░░░  0.0% (0/1)
λ node_modules\expo-router\node\render.js ░░░░░░░░░░░░░░░░  0.0% (0/1)
Web node_modules\expo-router\entry.js ░░░░░░░░░░░░░░░░  0.0% (0/1)
λ node_modules\expo-router\node\render.js ░░░░░░░░░░░░░░░░  0.0% (0/1)
Web node_modules\expo-router\entry.js ░░░░░░░░░░░░░░░░  0.0% (0/1)
λ node_modules\expo-router\node\render.js ░░░░░░░░░░░░░░░░  0.0% (0/1)
Web node_modules\expo-router\entry.js ░░░░░░░░░░░░░░░░  0.0% (0/1)
Web node_modules\expo-router\entry.js ░░░░░░░░░░░░░░░░  0.0% (0/1)
λ node_modules\expo-router\node\render.js ░░░░░░░░░░░░░░░░  0.0% (0/1)
Web node_modules\expo-router\entry.js ░░░░░░░░░░░░░░░░  0.0% (0/1)
λ node_modules\expo-router\node\render.js ░░░░░░░░░░░░░░░░  0.0% (0/1)
Web node_modules\expo-router\entry.js ░░░░░░░░░░░░░░░░  0.0% (0/1)
λ node_modules\expo-router\node\render.js ░░░░░░░░░░░░░░░░  0.0% (0/1)
Web node_modules\expo-router\entry.js ░░░░░░░░░░░░░░░░  0.0% (0/1)
λ node_modules\expo-router\node\render.js ░░░░░░░░░░░░░░░░  0.0% (0/1)
Web node_modules\expo-router\entry.js ░░░░░░░░░░░░░░░░  0.0% (0/1)
λ node_modules\expo-router\node\render.js ░░░░░░░░░░░░░░░░  0.0% (0/1)
Web node_modules\expo-router\entry.js ░░░░░░░░░░░░░░░░  0.0% (0/1)
λ node_modules\expo-router\node\render.js ░░░░░░░░░░░░░░░░  0.0% (0/1)
Web node_modules\expo-router\entry.js ░░░░░░░░░░░░░░░░  0.0% (0/1)
λ node_modules\expo-router\node\render.js ░░░░░░░░░░░░░░░░  0.0% (0/1)
Web node_modules\expo-router\entry.js ░░░░░░░░░░░░░░░░  0.0% (0/1)
λ node_modules\expo-router\node\render.js ░░░░░░░░░░░░░░░░  0.0% (0/1)
Web node_modules\expo-router\entry.js ░░░░░░░░░░░░░░░░  0.0% (0/1)
Web node_modules\expo-router\entry.js ░░░░░░░░░░░░░░░░  0.0% (0/1)
λ node_modules\expo-router\node\render.js ░░░░░░░░░░░░░░░░  0.0% (0/1)
Web node_modules\expo-router\entry.js ░░░░░░░░░░░░░░░░  0.0% (0/1)
λ node_modules\expo-router\node\render.js ░░░░░░░░░░░░░░░░  0.0% (0/1)
Web node_modules\expo-router\entry.js ░░░░░░░░░░░░░░░░  0.0% (0/1)
λ node_modules\expo-router\node\render.js ░░░░░░░░░░░░░░░░  0.0% (0/1)
Web node_modules\expo-router\entry.js ░░░░░░░░░░░░░░░░  0.0% (0/1)
λ node_modules\expo-router\node\render.js ░░░░░░░░░░░░░░░░  0.0% (0/1)
Web node_modules\expo-router\entry.js ░░░░░░░░░░░░░░░░  0.0% (0/1)
λ node_modules\expo-router\node\render.js ░░░░░░░░░░░░░░░░  0.0% (0/1)
Web node_modules\expo-router\entry.js ░░░░░░░░░░░░░░░░  0.0% (0/1)
λ node_modules\expo-router\node\render.js ░░░░░░░░░░░░░░░░  0.0% (0/1)
Web node_modules\expo-router\entry.js ░░░░░░░░░░░░░░░░  0.0% (0/1)
λ node_modules\expo-router\node\render.js ░░░░░░░░░░░░░░░░  0.0% (0/1)
Web node_modules\expo-router\entry.js ░░░░░░░░░░░░░░░░  0.0% (0/1)
λ node_modules\expo-router\node\render.js ░░░░░░░░░░░░░░░░  0.0% (0/1)
Web node_modules\expo-router\entry.js ░░░░░░░░░░░░░░░░  0.0% (0/1)
λ node_modules\expo-router\node\render.js ░░░░░░░░░░░░░░░░  0.0% (0/1)
Web node_modules\expo-router\entry.js ░░░░░░░░░░░░░░░░  0.0% (0/1)
λ node_modules\expo-router\node\render.js ░░░░░░░░░░░░░░░░  0.0% (0/1)
Web node_modules\expo-router\entry.js ░░░░░░░░░░░░░░░░  0.0% (0/1)
Web node_modules\expo-router\entry.js ░░░░░░░░░░░░░░░░  0.0% (0/1)
λ node_modules\expo-router\node\render.js ░░░░░░░░░░░░░░░░  0.0% (0/1)
Web node_modules\expo-router\entry.js ░░░░░░░░░░░░░░░░  0.0% (0/1)
λ node_modules\expo-router\node\render.js ░░░░░░░░░░░░░░░░  0.0% (0/1)
Web node_modules\expo-router\entry.js ░░░░░░░░░░░░░░░░  0.0% (0/1)
λ node_modules\expo-router\node\render.js ░░░░░░░░░░░░░░░░  0.0% (0/1)
Web node_modules\expo-router\entry.js ░░░░░░░░░░░░░░░░  0.0% (0/1)
λ node_modules\expo-router\node\render.js ░░░░░░░░░░░░░░░░  0.0% (0/1)
Web node_modules\expo-router\entry.js ░░░░░░░░░░░░░░░░  0.0% (0/1)
λ node_modules\expo-router\node\render.js ░░░░░░░░░░░░░░░░  0.0% (0/1)
Web node_modules\expo-router\entry.js ░░░░░░░░░░░░░░░░  0.0% (0/1)
λ node_modules\expo-router\node\render.js ░░░░░░░░░░░░░░░░  0.0% (0/1)
Web node_modules\expo-router\entry.js ░░░░░░░░░░░░░░░░  0.0% (0/1)
λ node_modules\expo-router\node\render.js ░░░░░░░░░░░░░░░░  0.0% (0/1)
Web node_modules\expo-router\entry.js ░░░░░░░░░░░░░░░░  0.0% (0/1)
λ node_modules\expo-router\node\render.js ░░░░░░░░░░░░░░░░  0.0% (0/1)
Web node_modules\expo-router\entry.js ░░░░░░░░░░░░░░░░  0.0% (0/1)
λ node_modules\expo-router\node\render.js ░░░░░░░░░░░░░░░░  0.0% (0/1)
Web node_modules\expo-router\entry.js ░░░░░░░░░░░░░░░░  0.0% (0/1)
λ node_modules\expo-router\node\render.js ░░░░░░░░░░░░░░░░  0.0% (0/1)
Web node_modules\expo-router\entry.js ░░░░░░░░░░░░░░░░  0.0% (0/1)
λ node_modules\expo-router\node\render.js ░░░░░░░░░░░░░░░░  0.0% (0/1)
Web node_modules\expo-router\entry.js ░░░░░░░░░░░░░░░░  0.0% (0/1)
λ node_modules\expo-router\node\render.js ░░░░░░░░░░░░░░░░  0.0% (0/1)
Web node_modules\expo-router\entry.js ░░░░░░░░░░░░░░░░  0.0% (0/1)
Web node_modules\expo-router\entry.js ░░░░░░░░░░░░░░░░  0.0% (0/1)
λ node_modules\expo-router\node\render.js ░░░░░░░░░░░░░░░░  0.0% (0/1)
Web node_modules\expo-router\entry.js ░░░░░░░░░░░░░░░░  0.0% (0/1)
λ node_modules\expo-router\node\render.js ░░░░░░░░░░░░░░░░  0.0% (0/1)
Web node_modules\expo-router\entry.js ░░░░░░░░░░░░░░░░  0.0% (0/1)
λ node_modules\expo-router\node\render.js ░░░░░░░░░░░░░░░░  0.0% (0/1)
Web node_modules\expo-router\entry.js ░░░░░░░░░░░░░░░░  0.0% (0/1)
λ node_modules\expo-router\node\render.js ░░░░░░░░░░░░░░░░  0.0% (0/1)
Web node_modules\expo-router\entry.js ░░░░░░░░░░░░░░░░  0.0% (0/1)
λ node_modules\expo-router\node\render.js ░░░░░░░░░░░░░░░░  0.0% (0/1)
Web node_modules\expo-router\entry.js ░░░░░░░░░░░░░░░░  0.0% (0/1)
λ node_modules\expo-router\node\render.js ░░░░░░░░░░░░░░░░  0.0% (0/1)
Web node_modules\expo-router\entry.js ░░░░░░░░░░░░░░░░  0.0% (0/1)
λ node_modules\expo-router\node\render.js ░░░░░░░░░░░░░░░░  0.0% (0/1)
Web node_modules\expo-router\entry.js ░░░░░░░░░░░░░░░░  0.0% (0/1)
λ node_modules\expo-router\node\render.js ░░░░░░░░░░░░░░░░  0.0% (0/1)
Web node_modules\expo-router\entry.js ░░░░░░░░░░░░░░░░  0.0% (0/1)
λ node_modules\expo-router\node\render.js ░░░░░░░░░░░░░░░░  0.0% (0/1)
Web node_modules\expo-router\entry.js ░░░░░░░░░░░░░░░░  0.0% (0/1)
λ node_modules\expo-router\node\render.js ░░░░░░░░░░░░░░░░  0.0% (0/1)
Web node_modules\expo-router\entry.js ░░░░░░░░░░░░░░░░  0.0% (0/1)
λ node_modules\expo-router\node\render.js ░░░░░░░░░░░░░░░░  0.0% (0/1)
Web node_modules\expo-router\entry.js ░░░░░░░░░░░░░░░░  0.0% (0/1)
λ node_modules\expo-router\node\render.js ░░░░░░░░░░░░░░░░  0.0% (0/1)
Web node_modules\expo-router\entry.js ░░░░░░░░░░░░░░░░  0.0% (0/1)
λ node_modules\expo-router\node\render.js ░░░░░░░░░░░░░░░░  0.0% (0/1)
Web node_modules\expo-router\entry.js ░░░░░░░░░░░░░░░░  0.0% (0/1)
λ node_modules\expo-router\node\render.js ░░░░░░░░░░░░░░░░  0.0% (0/1)
Web node_modules\expo-router\entry.js ░░░░░░░░░░░░░░░░  0.0% (0/1)
λ Bundled 56635ms node_modules\expo-router\node\render.js (1 module)
λ Bundled 39279ms node_modules\expo-router\node\render.js (1 module)
λ Bundled 33076ms node_modules\expo-router\node\render.js (1 module)
λ Bundled 26840ms node_modules\expo-router\node\render.js (1 module)
λ Bundled 20578ms node_modules\expo-router\node\render.js (1 module)
λ Bundled 14431ms node_modules\expo-router\node\render.js (1 module)
λ Bundled 8157ms node_modules\expo-router\node\render.js (1 module)
λ Bundled 1925ms node_modules\expo-router\node\render.js (1 module)
Web node_modules\expo-router\entry.js ░░░░░░░░░░░░░░░░  0.0% (0/1)
Web node_modules\expo-router\entry.js ░░░░░░░░░░░░░░░░  0.0% (0/1)
Web node_modules\expo-router\entry.js ░░░░░░░░░░░░░░░░  0.0% (0/1)
Web node_modules\expo-router\entry.js ░░░░░░░░░░░░░░░░  0.0% (0/1)
Web node_modules\expo-router\entry.js ░░░░░░░░░░░░░░░░  0.0% (0/1)
Web node_modules\expo-router\entry.js ░░░░░░░░░░░░░░░░  0.0% (0/1)
Web node_modules\expo-router\entry.js ░░░░░░░░░░░░░░░░  0.0% (0/1)
Web node_modules\expo-router\entry.js ░░░░░░░░░░░░░░░░  0.0% (0/1)
Web node_modules\expo-router\entry.js ░░░░░░░░░░░░░░░░  0.0% (0/1)
Web node_modules\expo-router\entry.js ░░░░░░░░░░░░░░░░  0.0% (0/1)
Web node_modules\expo-router\entry.js ░░░░░░░░░░░░░░░░  0.0% (0/1)
Web node_modules\expo-router\entry.js ░░░░░░░░░░░░░░░░  0.0% (0/1)
Web node_modules\expo-router\entry.js ░░░░░░░░░░░░░░░░  0.0% (0/1)
Web node_modules\expo-router\entry.js ░░░░░░░░░░░░░░░░  0.0% (0/1)
Web node_modules\expo-router\entry.js ░░░░░░░░░░░░░░░░  0.0% (0/1)
Web node_modules\expo-router\entry.js ░░░░░░░░░░░░░░░░  0.0% (0/1)
Web node_modules\expo-router\entry.js ░░░░░░░░░░░░░░░░  0.0% (0/1)
λ Bundled 25ms node_modules\expo-router\node\render.js (1 module)
Web node_modules\expo-router\entry.js ░░░░░░░░░░░░░░░░  0.0% (0/1)
Web node_modules\expo-router\entry.js ░░░░░░░░░░░░░░░░  0.0% (0/1)
Web node_modules\expo-router\entry.js ░░░░░░░░░░░░░░░░  0.0% (0/1)
Web node_modules\expo-router\entry.js ░░░░░░░░░░░░░░░░  0.0% (0/1)
Web node_modules\expo-router\entry.js ░░░░░░░░░░░░░░░░  0.0% (0/1)
Web node_modules\expo-router\entry.js ░░░░░░░░░░░░░░░░  0.0% (0/1)
Web node_modules\expo-router\entry.js ░░░░░░░░░░░░░░░░  0.0% (0/1)
Web node_modules\expo-router\entry.js ░░░░░░░░░░░░░░░░  0.0% (0/1)
Web node_modules\expo-router\entry.js ░░░░░░░░░░░░░░░░  0.0% (0/1)
Web node_modules\expo-router\entry.js ░░░░░░░░░░░░░░░░  0.0% (0/1)
Web node_modules\expo-router\entry.js ░░░░░░░░░░░░░░░░  0.0% (0/1)
Web node_modules\expo-router\entry.js ░░░░░░░░░░░░░░░░  0.0% (0/1)
Web node_modules\expo-router\entry.js ░░░░░░░░░░░░░░░░  0.0% (0/1)
Web node_modules\expo-router\entry.js ░░░░░░░░░░░░░░░░  0.0% (0/1)
Web node_modules\expo-router\entry.js ░░░░░░░░░░░░░░░░  0.0% (0/1)
Web node_modules\expo-router\entry.js ░░░░░░░░░░░░░░░░  0.0% (0/1)
Web node_modules\expo-router\entry.js ░░░░░░░░░░░░░░░░  0.0% (0/1)
Web node_modules\expo-router\entry.js ░░░░░░░░░░░░░░░░  0.0% (0/1)
Web node_modules\expo-router\entry.js ░░░░░░░░░░░░░░░░  0.0% (0/1)
λ Bundled 32ms node_modules\expo-router\node\render.js (1 module)
Web Bundled 47549ms node_modules\expo-router\entry.js (1 module)
Web Bundled 71333ms node_modules\expo-router\entry.js (1 module)
Web Bundled 53884ms node_modules\expo-router\entry.js (1 module)
Web Bundled 41255ms node_modules\expo-router\entry.js (1 module)
Web Bundled 34908ms node_modules\expo-router\entry.js (1 module)
Web Bundled 28645ms node_modules\expo-router\entry.js (1 module)
Web Bundled 22303ms node_modules\expo-router\entry.js (1 module)
Web Bundled 15910ms node_modules\expo-router\entry.js (1 module)
Web node_modules\expo-router\entry.js ░░░░░░░░░░░░░░░░  0.0% (0/1)
Web node_modules\expo-router\entry.js ░░░░░░░░░░░░░░░░  0.0% (0/1)
Web Bundled 12375ms node_modules\expo-router\entry.js (1 module)
Web node_modules\expo-router\entry.js ░░░░░░░░░░░░░░░░  0.0% (0/1)
Web node_modules\expo-router\entry.js ░░░░░░░░░░░░░░░░  0.0% (0/1)
λ Bundled 39ms node_modules\expo-router\node\render.js (1 module)
Web node_modules\expo-router\entry.js ░░░░░░░░░░░░░░░░  0.0% (0/1)
Web node_modules\expo-router\entry.js ░░░░░░░░░░░░░░░░  0.0% (0/1)
Web Bundled 12472ms node_modules\expo-router\entry.js (1 module)
Web node_modules\expo-router\entry.js ░░░░░░░░░░░░░░░░  0.0% (0/1)
Web node_modules\expo-router\entry.js ░░░░░░░░░░░░░░░░  0.0% (0/1)
λ Bundled 29ms node_modules\expo-router\node\render.js (1 module)
Web node_modules\expo-router\entry.js ░░░░░░░░░░░░░░░░  0.0% (0/1)
Web node_modules\expo-router\entry.js ░░░░░░░░░░░░░░░░  0.0% (0/1)
Web Bundled 12868ms node_modules\expo-router\entry.js (1 module)
Web node_modules\expo-router\entry.js ░░░░░░░░░░░░░░░░  0.0% (0/1)
Web node_modules\expo-router\entry.js ░░░░░░░░░░░░░░░░  0.0% (0/1)
λ Bundled 108ms node_modules\expo-router\node\render.js (1 module)
Web node_modules\expo-router\entry.js ░░░░░░░░░░░░░░░░  0.0% (0/1)
Web node_modules\expo-router\entry.js ░░░░░░░░░░░░░░░░  0.0% (0/1)
Web Bundled 14356ms node_modules\expo-router\entry.js (1 module)
Web node_modules\expo-router\entry.js ░░░░░░░░░░░░░░░░  0.0% (0/1)
Web node_modules\expo-router\entry.js ░░░░░░░░░░░░░░░░  0.0% (0/1)
Web node_modules\expo-router\entry.js ░░░░░░░░░░░░░░░░  0.0% (0/1)
Web Bundled 14884ms node_modules\expo-router\entry.js (1 module)
Web node_modules\expo-router\entry.js ░░░░░░░░░░░░░░░░  0.0% (0/1)
Error: Cannot pipe to a closed or destroyed stream
    at pipelineImpl (node:internal/streams/pipeline:264:15)
    at node:stream/promises:31:5
    at new Promise (<anonymous>)
    at pipeline (node:stream/promises:20:10)
    at respond (C:\Users\SireeshGadde\OneDrive - RiskSpan\Desktop\happy-baby-app\happy-baby-app\node_modules\expo-server\src\vendor\http.ts:138:19)
    at C:\Users\SireeshGadde\OneDrive - RiskSpan\Desktop\happy-baby-app\happy-baby-app\node_modules\expo-server\src\vendor\http.ts:68:13
    at runNextTicks (node:internal/process/task_queues:65:5)
    at processImmediate (node:internal/timers:472:9)
Error: Cannot pipe to a closed or destroyed stream
    at pipelineImpl (node:internal/streams/pipeline:264:15)
    at node:stream/promises:31:5
    at new Promise (<anonymous>)
    at pipeline (node:stream/promises:20:10)
    at respond (C:\Users\SireeshGadde\OneDrive - RiskSpan\Desktop\happy-baby-app\happy-baby-app\node_modules\expo-server\src\vendor\http.ts:138:19)
    at C:\Users\SireeshGadde\OneDrive - RiskSpan\Desktop\happy-baby-app\happy-baby-app\node_modules\expo-server\src\vendor\http.ts:68:13
    at runNextTicks (node:internal/process/task_queues:65:5)
    at processImmediate (node:internal/timers:472:9)
Error: Cannot pipe to a closed or destroyed stream
    at pipelineImpl (node:internal/streams/pipeline:264:15)
    at node:stream/promises:31:5
    at new Promise (<anonymous>)
    at pipeline (node:stream/promises:20:10)
    at respond (C:\Users\SireeshGadde\OneDrive - RiskSpan\Desktop\happy-baby-app\happy-baby-app\node_modules\expo-server\src\vendor\http.ts:138:19)
    at C:\Users\SireeshGadde\OneDrive - RiskSpan\Desktop\happy-baby-app\happy-baby-app\node_modules\expo-server\src\vendor\http.ts:68:13
Error: Cannot pipe to a closed or destroyed stream
    at pipelineImpl (node:internal/streams/pipeline:264:15)
    at node:stream/promises:31:5
    at new Promise (<anonymous>)
    at pipeline (node:stream/promises:20:10)
    at respond (C:\Users\SireeshGadde\OneDrive - RiskSpan\Desktop\happy-baby-app\happy-baby-app\node_modules\expo-server\src\vendor\http.ts:138:19)
    at C:\Users\SireeshGadde\OneDrive - RiskSpan\Desktop\happy-baby-app\happy-baby-app\node_modules\expo-server\src\vendor\http.ts:68:13
    at runNextTicks (node:internal/process/task_queues:65:5)
    at processImmediate (node:internal/timers:472:9)
Error: Cannot pipe to a closed or destroyed stream
    at pipelineImpl (node:internal/streams/pipeline:264:15)
    at node:stream/promises:31:5
    at new Promise (<anonymous>)
    at pipeline (node:stream/promises:20:10)
    at respond (C:\Users\SireeshGadde\OneDrive - RiskSpan\Desktop\happy-baby-app\happy-baby-app\node_modules\expo-server\src\vendor\http.ts:138:19)
    at C:\Users\SireeshGadde\OneDrive - RiskSpan\Desktop\happy-baby-app\happy-baby-app\node_modules\expo-server\src\vendor\http.ts:68:13
    at runNextTicks (node:internal/process/task_queues:65:5)
    at processImmediate (node:internal/timers:472:9)
Error: Cannot pipe to a closed or destroyed stream
    at pipelineImpl (node:internal/streams/pipeline:264:15)
    at node:stream/promises:31:5
    at new Promise (<anonymous>)
    at pipeline (node:stream/promises:20:10)
    at respond (C:\Users\SireeshGadde\OneDrive - RiskSpan\Desktop\happy-baby-app\happy-baby-app\node_modules\expo-server\src\vendor\http.ts:138:19)
    at C:\Users\SireeshGadde\OneDrive - RiskSpan\Desktop\happy-baby-app\happy-baby-app\node_modules\expo-server\src\vendor\http.ts:68:13
    at runNextTicks (node:internal/process/task_queues:65:5)
    at processImmediate (node:internal/timers:472:9)
Error: Cannot pipe to a closed or destroyed stream
    at pipelineImpl (node:internal/streams/pipeline:264:15)
    at node:stream/promises:31:5
    at new Promise (<anonymous>)
    at pipeline (node:stream/promises:20:10)
    at respond (C:\Users\SireeshGadde\OneDrive - RiskSpan\Desktop\happy-baby-app\happy-baby-app\node_modules\expo-server\src\vendor\http.ts:138:19)
    at C:\Users\SireeshGadde\OneDrive - RiskSpan\Desktop\happy-baby-app\happy-baby-app\node_modules\expo-server\src\vendor\http.ts:68:13
    at runNextTicks (node:internal/process/task_queues:65:5)
    at processImmediate (node:internal/timers:472:9)
Error: Cannot pipe to a closed or destroyed stream
    at pipelineImpl (node:internal/streams/pipeline:264:15)
    at node:stream/promises:31:5
    at new Promise (<anonymous>)
    at pipeline (node:stream/promises:20:10)
    at respond (C:\Users\SireeshGadde\OneDrive - RiskSpan\Desktop\happy-baby-app\happy-baby-app\node_modules\expo-server\src\vendor\http.ts:138:19)
    at C:\Users\SireeshGadde\OneDrive - RiskSpan\Desktop\happy-baby-app\happy-baby-app\node_modules\expo-server\src\vendor\http.ts:68:13
    at runNextTicks (node:internal/process/task_queues:65:5)
    at processImmediate (node:internal/timers:472:9)
Error: Cannot pipe to a closed or destroyed stream
    at pipelineImpl (node:internal/streams/pipeline:264:15)
    at node:stream/promises:31:5
    at new Promise (<anonymous>)
    at pipeline (node:stream/promises:20:10)
    at respond (C:\Users\SireeshGadde\OneDrive - RiskSpan\Desktop\happy-baby-app\happy-baby-app\node_modules\expo-server\src\vendor\http.ts:138:19)
    at C:\Users\SireeshGadde\OneDrive - RiskSpan\Desktop\happy-baby-app\happy-baby-app\node_modules\expo-server\src\vendor\http.ts:68:13
    at runNextTicks (node:internal/process/task_queues:65:5)
    at processImmediate (node:internal/timers:472:9)
Error: Cannot pipe to a closed or destroyed stream
    at pipelineImpl (node:internal/streams/pipeline:264:15)
    at node:stream/promises:31:5
    at new Promise (<anonymous>)
    at pipeline (node:stream/promises:20:10)
    at respond (C:\Users\SireeshGadde\OneDrive - RiskSpan\Desktop\happy-baby-app\happy-baby-app\node_modules\expo-server\src\vendor\http.ts:138:19)
    at C:\Users\SireeshGadde\OneDrive - RiskSpan\Desktop\happy-baby-app\happy-baby-app\node_modules\expo-server\src\vendor\http.ts:68:13
    at runNextTicks (node:internal/process/task_queues:65:5)
    at processImmediate (node:internal/timers:472:9)
Error: Cannot pipe to a closed or destroyed stream
    at pipelineImpl (node:internal/streams/pipeline:264:15)
    at node:stream/promises:31:5
    at new Promise (<anonymous>)
    at pipeline (node:stream/promises:20:10)
    at respond (C:\Users\SireeshGadde\OneDrive - RiskSpan\Desktop\happy-baby-app\happy-baby-app\node_modules\expo-server\src\vendor\http.ts:138:19)
    at C:\Users\SireeshGadde\OneDrive - RiskSpan\Desktop\happy-baby-app\happy-baby-app\node_modules\expo-server\src\vendor\http.ts:68:13
    at runNextTicks (node:internal/process/task_queues:65:5)
    at processImmediate (node:internal/timers:472:9)
Error: Cannot pipe to a closed or destroyed stream
    at pipelineImpl (node:internal/streams/pipeline:264:15)
    at node:stream/promises:31:5
    at new Promise (<anonymous>)
    at pipeline (node:stream/promises:20:10)
    at respond (C:\Users\SireeshGadde\OneDrive - RiskSpan\Desktop\happy-baby-app\happy-baby-app\node_modules\expo-server\src\vendor\http.ts:138:19)
    at C:\Users\SireeshGadde\OneDrive - RiskSpan\Desktop\happy-baby-app\happy-baby-app\node_modules\expo-server\src\vendor\http.ts:68:13
    at runNextTicks (node:internal/process/task_queues:65:5)
    at processImmediate (node:internal/timers:472:9)
Error: Cannot pipe to a closed or destroyed stream
    at pipelineImpl (node:internal/streams/pipeline:264:15)
    at node:stream/promises:31:5
    at new Promise (<anonymous>)
    at pipeline (node:stream/promises:20:10)
    at respond (C:\Users\SireeshGadde\OneDrive - RiskSpan\Desktop\happy-baby-app\happy-baby-app\node_modules\expo-server\src\vendor\http.ts:138:19)
    at C:\Users\SireeshGadde\OneDrive - RiskSpan\Desktop\happy-baby-app\happy-baby-app\node_modules\expo-server\src\vendor\http.ts:68:13
    at runNextTicks (node:internal/process/task_queues:65:5)
    at processImmediate (node:internal/timers:472:9)
